110.44.123.47 - - [16/May/2023:11:43:14 +0545] "GET /api/v1/profiles?apikey=LYlCVppaglroXNP5Hs1VvHBerXQGsTKCco6ioQSRruR4jFSEw2 HTTP/1.1" 200 313522 "-" "python-requests/2.21.0"
110.44.123.47 - - [16/May/2023:11:43:26 +0545] "POST /api/v1/multicheckin?apikey=LYlCVppaglroXNP5Hs1VvHBerXQGsTKCco6ioQSRruR4jFSEw2 HTTP/1.1" 200 5224 "-" "python-requests/2.21.0"
110.44.123.47 - - [16/May/2023:11:43:27 +0545] "POST /api/v1/multicheckin?apikey=LYlCVppaglroXNP5Hs1VvHBerXQGsTKCco6ioQSRruR4jFSEw2 HTTP/1.1" 200 5224 "-" "python-requests/2.21.0"
110.44.123.47 - - [16/May/2023:11:43:29 +0545] "POST /api/v1/multicheckin?apikey=LYlCVppaglroXNP5Hs1VvHBerXQGsTKCco6ioQSRruR4jFSEw2 HTTP/1.1" 200 5224 "-" "python-requests/2.21.0"
188.166.232.203 - - [16/May/2023:11:43:30 +0545] "GET / HTTP/1.1" 200 6785 "-" "Go-http-client/1.1"
110.44.123.47 - - [16/May/2023:11:43:31 +0545] "POST /api/v1/multicheckin?apikey=LYlCVppaglroXNP5Hs1VvHBerXQGsTKCco6ioQSRruR4jFSEw2 HTTP/1.1" 200 5224 "-" "python-requests/2.21.0"
110.44.123.47 - - [16/May/2023:11:43:32 +0545] "POST /api/v1/multicheckin?apikey=LYlCVppaglroXNP5Hs1VvHBerXQGsTKCco6ioQSRruR4jFSEw2 HTTP/1.1" 200 5224 "-" "python-requests/2.21.0"
110.44.123.47 - - [16/May/2023:11:43:33 +0545] "POST /api/v1/multicheckin?apikey=LYlCVppaglroXNP5Hs1VvHBerXQGsTKCco6ioQSRruR4jFSEw2 HTTP/1.1" 200 5224 "-" "python-requests/2.21.0"
110.44.123.47 - - [16/May/2023:11:43:35 +0545] "POST /api/v1/multicheckin?apikey=LYlCVppaglroXNP5Hs1VvHBerXQGsTKCco6ioQSRruR4jFSEw2 HTTP/1.1" 200 5224 "-" "python-requests/2.21.0"
110.44.123.47 - - [16/May/2023:11:43:37 +0545] "POST /api/v1/multicheckin?apikey=LYlCVppaglroXNP5Hs1VvHBerXQGsTKCco6ioQSRruR4jFSEw2 HTTP/1.1" 200 5224 "-" "python-requests/2.21.0"
110.44.123.47 - - [16/May/2023:11:43:38 +0545] "POST /api/v1/multicheckin?apikey=LYlCVppaglroXNP5Hs1VvHBerXQGsTKCco6ioQSRruR4jFSEw2 HTTP/1.1" 200 5224 "-" "python-requests/2.21.0"
110.44.123.47 - - [16/May/2023:11:43:40 +0545] "POST /api/v1/multicheckin?apikey=LYlCVppaglroXNP5Hs1VvHBerXQGsTKCco6ioQSRruR4jFSEw2 HTTP/1.1" 200 5224 "-" "python-requests/2.21.0"
110.44.123.47 - - [16/May/2023:11:43:42 +0545] "POST /api/v1/multicheckin?apikey=LYlCVppaglroXNP5Hs1VvHBerXQGsTKCco6ioQSRruR4jFSEw2 HTTP/1.1" 200 5224 "-" "python-requests/2.21.0"
110.44.123.47 - - [16/May/2023:11:43:43 +0545] "POST /api/v1/multicheckin?apikey=LYlCVppaglroXNP5Hs1VvHBerXQGsTKCco6ioQSRruR4jFSEw2 HTTP/1.1" 200 5224 "-" "python-requests/2.21.0"
110.44.123.47 - - [16/May/2023:11:43:45 +0545] "POST /api/v1/multicheckin?apikey=LYlCVppaglroXNP5Hs1VvHBerXQGsTKCco6ioQSRruR4jFSEw2 HTTP/1.1" 200 5224 "-" "python-requests/2.21.0"
110.44.123.47 - - [16/May/2023:11:43:46 +0545] "POST /api/v1/multicheckin?apikey=LYlCVppaglroXNP5Hs1VvHBerXQGsTKCco6ioQSRruR4jFSEw2 HTTP/1.1" 200 5224 "-" "python-requests/2.21.0"
110.44.123.47 - - [16/May/2023:11:43:48 +0545] "POST /api/v1/multicheckin?apikey=LYlCVppaglroXNP5Hs1VvHBerXQGsTKCco6ioQSRruR4jFSEw2 HTTP/1.1" 200 5224 "-" "python-requests/2.21.0"
110.44.123.47 - - [16/May/2023:11:43:51 +0545] "POST /api/v1/multicheckin?apikey=LYlCVppaglroXNP5Hs1VvHBerXQGsTKCco6ioQSRruR4jFSEw2 HTTP/1.1" 200 5224 "-" "python-requests/2.21.0"
110.44.123.47 - - [16/May/2023:11:43:55 +0545] "POST /api/v1/multicheckin?apikey=LYlCVppaglroXNP5Hs1VvHBerXQGsTKCco6ioQSRruR4jFSEw2 HTTP/1.1" 200 5224 "-" "python-requests/2.21.0"
110.44.123.47 - - [16/May/2023:11:43:57 +0545] "POST /api/v1/multicheckin?apikey=LYlCVppaglroXNP5Hs1VvHBerXQGsTKCco6ioQSRruR4jFSEw2 HTTP/1.1" 200 5224 "-" "python-requests/2.21.0"
110.44.123.47 - - [16/May/2023:11:43:58 +0545] "POST /api/v1/multicheckin?apikey=LYlCVppaglroXNP5Hs1VvHBerXQGsTKCco6ioQSRruR4jFSEw2 HTTP/1.1" 200 5224 "-" "python-requests/2.21.0"
110.44.123.47 - - [16/May/2023:11:44:01 +0545] "POST /api/v1/multicheckin?apikey=LYlCVppaglroXNP5Hs1VvHBerXQGsTKCco6ioQSRruR4jFSEw2 HTTP/1.1" 200 5224 "-" "python-requests/2.21.0"
110.44.123.47 - - [16/May/2023:11:44:08 +0545] "POST /api/v1/multicheckin?apikey=LYlCVppaglroXNP5Hs1VvHBerXQGsTKCco6ioQSRruR4jFSEw2 HTTP/1.1" 200 5224 "-" "python-requests/2.21.0"
128.199.116.13 - - [16/May/2023:11:44:09 +0545] "GET /api/v1/profiles?apikey=LYlCVppaglroXNP5Hs1VvHBerXQGsTKCco6ioQSRruR4jFSEw2 HTTP/1.0" 200 313569 "-" "-"
110.44.123.47 - - [16/May/2023:11:44:45 +0545] "GET /api/v1/profiles?apikey=LYlCVppaglroXNP5Hs1VvHBerXQGsTKCco6ioQSRruR4jFSEw2 HTTP/1.1" 200 313522 "-" "python-requests/2.21.0"
128.199.116.13 - - [16/May/2023:11:45:09 +0545] "GET /api/v1/profiles?apikey=LYlCVppaglroXNP5Hs1VvHBerXQGsTKCco6ioQSRruR4jFSEw2 HTTP/1.0" 200 313569 "-" "-"
110.44.123.47 - - [16/May/2023:11:45:42 +0545] "GET /api/v1/feed-post?page=1 HTTP/1.1" 200 8559 "-" "Dart/2.16 (dart:io)"
110.44.123.47 - - [16/May/2023:11:45:52 +0545] "GET /api/v1/leave-calender? HTTP/1.1" 200 5353 "-" "Dart/2.16 (dart:io)"
110.44.123.47 - - [16/May/2023:11:45:53 +0545] "GET /api/v1/user-leave-list?date=2023-05-16 HTTP/1.1" 200 7946 "-" "Dart/2.16 (dart:io)"
110.44.123.47 - - [16/May/2023:11:45:54 +0545] "GET /uploads/Oa_users/SamanKhadgi626ba51f71208_profile.jpg HTTP/1.1" 200 30133 "-" "Dart/2.16 (dart:io)"
110.44.123.47 - - [16/May/2023:11:45:54 +0545] "GET /uploads/Oa_users/BigyanAdhikari62d50f68c240d_profile.jpg HTTP/1.1" 200 41254 "-" "Dart/2.16 (dart:io)"
110.44.123.47 - - [16/May/2023:11:45:54 +0545] "GET /uploads/Oa_users/SujanGhorasaine60d01fc486ffe_profile.jpg HTTP/1.1" 200 40288 "-" "Dart/2.16 (dart:io)"
110.44.123.47 - - [16/May/2023:11:45:54 +0545] "GET /uploads/Oa_users/AnupChandrahangRai626b9ea359a21_profile.jpg HTTP/1.1" 200 40814 "-" "Dart/2.16 (dart:io)"
110.44.123.47 - - [16/May/2023:11:45:54 +0545] "GET /uploads/Oa_users/BijayaGyawali62b5086b0bf1d_profile.jpg HTTP/1.1" 200 46104 "-" "Dart/2.16 (dart:io)"
110.44.123.47 - - [16/May/2023:11:45:54 +0545] "GET /uploads/Oa_users/KinjuShrestha6440c739a2b40_profile.jpg HTTP/1.1" 200 31601 "-" "Dart/2.16 (dart:io)"
110.44.123.47 - - [16/May/2023:11:45:54 +0545] "GET /uploads/Oa_users/DikshyaKarki63da42059b804_profile.jpg HTTP/1.1" 200 51950 "-" "Dart/2.16 (dart:io)"
110.44.123.47 - - [16/May/2023:11:45:54 +0545] "GET /uploads/Oa_users/SarinaAcharya625d2b7d73654_profile.jpg HTTP/1.1" 200 38473 "-" "Dart/2.16 (dart:io)"
110.44.123.47 - - [16/May/2023:11:45:54 +0545] "GET /uploads/Oa_users/BisheshTuladhar6281e28e932cc_profile.jpg HTTP/1.1" 200 40944 "-" "Dart/2.16 (dart:io)"
110.44.123.47 - - [16/May/2023:11:45:55 +0545] "GET /uploads/Oa_users/BijendraManandhar61c143ead1f94_profile.jpeg HTTP/1.1" 200 30214 "-" "Dart/2.16 (dart:io)"
110.44.123.47 - - [16/May/2023:11:45:55 +0545] "GET /uploads/Oa_users/JeevanPaudel621333f161d38_profile.jpg HTTP/1.1" 200 39626 "-" "Dart/2.16 (dart:io)"
110.44.123.47 - - [16/May/2023:11:45:43 +0545] "GET /api/v1/user-rp?from=2023-05-01&to=2023-05-16 HTTP/1.1" 200 41023 "-" "Dart/2.16 (dart:io)"
110.44.123.47 - - [16/May/2023:11:45:56 +0545] "GET /uploads/Oa_users/ShubhashoriDuwal609b38fe8c12b_profile.jpg HTTP/1.1" 200 42139 "-" "Dart/2.16 (dart:io)"
110.44.123.47 - - [16/May/2023:11:45:56 +0545] "GET /uploads/Oa_users/MeruSangroula616d00e08d5d4_profile.JPG HTTP/1.1" 200 28229 "-" "Dart/2.16 (dart:io)"
110.44.123.47 - - [16/May/2023:11:45:56 +0545] "GET /uploads/Oa_users/AjeetShakya59b8aeef2c4d9_profile.JPG HTTP/1.1" 200 90728 "-" "Dart/2.16 (dart:io)"
110.44.123.47 - - [16/May/2023:11:45:56 +0545] "GET /api/v1/leave-calender? HTTP/1.1" 200 5353 "-" "Dart/2.16 (dart:io)"
110.44.123.47 - - [16/May/2023:11:45:57 +0545] "GET /api/v1/projects?page=1&status=In+Progress HTTP/1.1" 200 5145 "-" "Dart/2.16 (dart:io)"
128.199.116.13 - - [16/May/2023:11:46:09 +0545] "GET /api/v1/profiles?apikey=LYlCVppaglroXNP5Hs1VvHBerXQGsTKCco6ioQSRruR4jFSEw2 HTTP/1.0" 200 313569 "-" "-"
110.44.123.47 - - [16/May/2023:11:46:16 +0545] "GET /api/v1/profiles?apikey=LYlCVppaglroXNP5Hs1VvHBerXQGsTKCco6ioQSRruR4jFSEw2 HTTP/1.1" 200 313522 "-" "python-requests/2.21.0"
128.199.116.13 - - [16/May/2023:11:47:10 +0545] "GET /api/v1/profiles?apikey=LYlCVppaglroXNP5Hs1VvHBerXQGsTKCco6ioQSRruR4jFSEw2 HTTP/1.0" 200 313569 "-" "-"
110.44.123.47 - - [16/May/2023:11:47:46 +0545] "GET /api/v1/profiles?apikey=LYlCVppaglroXNP5Hs1VvHBerXQGsTKCco6ioQSRruR4jFSEw2 HTTP/1.1" 200 313522 "-" "python-requests/2.21.0"
128.199.116.13 - - [16/May/2023:11:48:10 +0545] "GET /api/v1/profiles?apikey=LYlCVppaglroXNP5Hs1VvHBerXQGsTKCco6ioQSRruR4jFSEw2 HTTP/1.0" 200 313569 "-" "-"
128.199.116.13 - - [16/May/2023:11:49:09 +0545] "GET /api/v1/profiles?apikey=LYlCVppaglroXNP5Hs1VvHBerXQGsTKCco6ioQSRruR4jFSEw2 HTTP/1.0" 200 313569 "-" "-"
110.44.123.47 - - [16/May/2023:11:49:17 +0545] "GET /api/v1/profiles?apikey=LYlCVppaglroXNP5Hs1VvHBerXQGsTKCco6ioQSRruR4jFSEw2 HTTP/1.1" 200 313522 "-" "python-requests/2.21.0"
188.166.232.203 - - [16/May/2023:11:49:56 +0545] "GET / HTTP/1.1" 200 6779 "-" "Go-http-client/1.1"
